// Jest Snapshot v1, https://goo.gl/fbAQLP

exports[`Welcome screen test suite should navigate to Communities 1`] = `ShallowWrapper {}`;

exports[`Welcome screen test suite should navigate to Valora 1`] = `ShallowWrapper {}`;

exports[`Welcome screen test suite should render Welcome screen correctly 1`] = `ShallowWrapper {}`;
