// Jest Snapshot v1, https://goo.gl/fbAQLP

exports[`CommunityManager screen test should render Donate correctly 1`] = `
<View
  bold={true}
  modeType="green"
  style={
    Object {
      "backgroundColor": "#2DCE89",
      "borderColor": "transparent",
      "borderRadius": 0,
      "borderStyle": "solid",
      "borderWidth": 0,
      "elevation": 0,
      "height": 69,
      "justifyContent": "center",
      "minWidth": 64,
    }
  }
>
  <View
    accessibilityRole="button"
    accessibilityState={
      Object {
        "disabled": undefined,
      }
    }
    accessible={true}
    focusable={true}
    onClick={[Function]}
    onResponderGrant={[Function]}
    onResponderMove={[Function]}
    onResponderRelease={[Function]}
    onResponderTerminate={[Function]}
    onResponderTerminationRequest={[Function]}
    onStartShouldSetResponder={[Function]}
    style={
      Array [
        Object {
          "overflow": "hidden",
        },
        Object {
          "borderRadius": 4,
        },
      ]
    }
  >
    <View
      style={
        Array [
          Object {
            "alignItems": "center",
            "flexDirection": "row",
            "justifyContent": "center",
          },
          undefined,
        ]
      }
    >
      <Text
        numberOfLines={1}
        selectable={false}
        style={
          Array [
            Object {
              "color": "#000000",
              "fontFamily": "System",
              "fontWeight": "400",
              "textAlign": "left",
            },
            Array [
              Object {
                "letterSpacing": 1,
                "marginHorizontal": 16,
                "marginVertical": 9,
                "textAlign": "center",
              },
              undefined,
              false,
              Object {
                "color": "#ffffff",
                "fontFamily": "System",
                "fontWeight": "500",
              },
              Object {
                "fontFamily": "System",
                "fontWeight": "500",
              },
              Object {
                "color": "white",
                "fontFamily": "Inter-Bold",
                "fontSize": 20,
                "lineHeight": 23,
              },
            ],
          ]
        }
      >
        Contribute
      </Text>
    </View>
  </View>
</View>
`;
